Inside with value 0
Inside with value 1
Inside with value 2
Inside with value 3

Inside with value 1
Inside with value 2
Inside with value 3