var: 1
var: 2
for:
1
2
3
100
F: 1 1
F: 2 2
F: 3 3
F: 100 4
4
52
var: 3
var: 100
F: 1 1
F: 2 2
F: 3 3
F: 100 4
4