G2: 1
in main g2: 42
G2: 2
in main g2: 42
G2: 3
in main g2: 42
in main g2: 0
in main g3: 33
in main g3: 33