g1 i: 1
 g1 j: 1
  main: 1
 g1 j: 2
  main: 2
 g1 j: 3
  main: 3
g1 i: 2
 g1 j: 1
  main: 1
 g1 j: 2
  main: 2
 g1 j: 3
  main: 3
g1 i: 3
 g1 j: 1
  main: 1
 g1 j: 2
  main: 2
 g1 j: 3
  main: 3