(1) should be printed
(2) should be printed once
(3) should be printed
(1f) should be printed
(2f) should be printed once
(3f) should be printed
(1g) should be printed
(2g) should be printed once
(3g) should be printed