A
b
D
E
0 1 4
d
5nowy
1abc
2sss
3abcd

5nowy
1abc
3abcd